python : Traceback (most 
recent call last):
At line:1 char:1
+ python test_ai_final.py 
2>&1 | Out-File -FilePath 
test_output.txt -En ...
+ 
~~~~~~~~~~~~~~~~~~~~~~~~~~~~
    + CategoryInfo          
    : NotSpecified: (Trace  
  back (most recent call    
 last)::String) [], Remo    
teException
    + FullyQualifiedErrorId 
    : NativeCommandError
 
=== Testing Quick Check with 30s timeout ===
Status Code: 200
  File "C:\xampp\htdocs\Comp
any\backend\test_ai_final.py
", line 16, in <module>
    print("\n\u2705 
SUCCESS! AI Response:")
  File "C:\Users\kiran\AppDa
ta\Local\Programs\Python\Pyt
hon310\lib\encodings\cp1252.
py", line 19, in encode
    return codecs.charmap_en
code(input,self.errors,encod
ing_table)[0]
UnicodeEncodeError: 
'charmap' codec can't 
encode character '\u2705' 
in position 2: character 
maps to <undefined>

During handling of the 
above exception, another 
exception occurred:

Traceback (most recent call 
last):
  File "C:\xampp\htdocs\Comp
any\backend\test_ai_final.py
", line 22, in <module>
    print(f"\n\u274c Error: 
{str(e)}")
  File "C:\Users\kiran\AppDa
ta\Local\Programs\Python\Pyt
hon310\lib\encodings\cp1252.
py", line 19, in encode
    return codecs.charmap_en
code(input,self.errors,encod
ing_table)[0]
UnicodeEncodeError: 
'charmap' codec can't 
encode character '\u274c' 
in position 2: character 
maps to <undefined>
